Processing .\vendor\opencv_python_headless_shim
  Installing build dependencies: started
  Installing build dependencies: finished with status 'done'
  Getting requirements to build wheel: started
  Getting requirements to build wheel: finished with status 'done'
  Preparing metadata (pyproject.toml): started
  Preparing metadata (pyproject.toml): finished with status 'done'
Collecting fastapi>=0.115 (from -r D:\a\PaperFlow-Stream\PaperFlow-Stream\backend\requirements.txt (line 6))
  Downloading fastapi-0.140.0-py3-none-any.whl.metadata (27 kB)
Collecting uvicorn>=0.32 (from uvicorn[standard]>=0.32->-r D:\a\PaperFlow-Stream\PaperFlow-Stream\backend\requirements.txt (line 7))
  Downloading uvicorn-0.51.0-py3-none-any.whl.metadata (6.6 kB)
Collecting python-multipart>=0.0.9 (from -r D:\a\PaperFlow-Stream\PaperFlow-Stream\backend\requirements.txt (line 8))
  Downloading python_multipart-0.0.32-py3-none-any.whl.metadata (2.1 kB)
Collecting websockets>=13.0 (from -r D:\a\PaperFlow-Stream\PaperFlow-Stream\backend\requirements.txt (line 9))
  Downloading websockets-16.1.1-cp311-cp311-win_amd64.whl.metadata (7.0 kB)
Collecting SQLAlchemy>=2.0 (from -r D:\a\PaperFlow-Stream\PaperFlow-Stream\backend\requirements.txt (line 12))
  Downloading sqlalchemy-2.0.51-cp311-cp311-win_amd64.whl.metadata (9.8 kB)
Collecting alembic>=1.13 (from -r D:\a\PaperFlow-Stream\PaperFlow-Stream\backend\requirements.txt (line 13))
  Downloading alembic-1.18.5-py3-none-any.whl.metadata (7.2 kB)
Collecting pydantic>=2.9 (from -r D:\a\PaperFlow-Stream\PaperFlow-Stream\backend\requirements.txt (line 14))
  Downloading pydantic-2.13.4-py3-none-any.whl.metadata (109 kB)
Collecting pydantic-settings>=2.5 (from -r D:\a\PaperFlow-Stream\PaperFlow-Stream\backend\requirements.txt (line 15))
  Downloading pydantic_settings-2.14.2-py3-none-any.whl.metadata (3.4 kB)
Collecting numpy<2.3,>=1.26 (from -r D:\a\PaperFlow-Stream\PaperFlow-Stream\backend\requirements.txt (line 22))
  Downloading numpy-2.2.6-cp311-cp311-win_amd64.whl.metadata (60 kB)
Collecting opencv-python-headless==4.13.0.92 (from -r D:\a\PaperFlow-Stream\PaperFlow-Stream\backend\requirements.txt (line 23))
  Downloading opencv_python_headless-4.13.0.92-cp37-abi3-win_amd64.whl.metadata (20 kB)
Collecting Pillow>=10.4 (from -r D:\a\PaperFlow-Stream\PaperFlow-Stream\backend\requirements.txt (line 25))
  Downloading pillow-12.3.0-cp311-cp311-win_amd64.whl.metadata (9.3 kB)
Collecting qrcode>=7.4 (from -r D:\a\PaperFlow-Stream\PaperFlow-Stream\backend\requirements.txt (line 28))
  Downloading qrcode-8.2-py3-none-any.whl.metadata (17 kB)
Collecting reportlab>=4.2 (from -r D:\a\PaperFlow-Stream\PaperFlow-Stream\backend\requirements.txt (line 29))
  Downloading reportlab-5.0.0-py3-none-any.whl.metadata (1.6 kB)
Collecting rapidocr-onnxruntime==1.4.4 (from -r D:\a\PaperFlow-Stream\PaperFlow-Stream\backend\requirements.txt (line 33))
  Downloading rapidocr_onnxruntime-1.4.4-py3-none-any.whl.metadata (1.3 kB)
Collecting onnxruntime>=1.18 (from -r D:\a\PaperFlow-Stream\PaperFlow-Stream\backend\requirements.txt (line 34))
  Downloading onnxruntime-1.28.0-cp311-cp311-win_amd64.whl.metadata (5.7 kB)
Collecting openpyxl>=3.1 (from -r D:\a\PaperFlow-Stream\PaperFlow-Stream\backend\requirements.txt (line 37))
  Downloading openpyxl-3.1.5-py2.py3-none-any.whl.metadata (2.5 kB)
Collecting pytest>=8.3 (from -r D:\a\PaperFlow-Stream\PaperFlow-Stream\backend\requirements.txt (line 40))
  Downloading pytest-9.1.1-py3-none-any.whl.metadata (7.6 kB)
Collecting pytest-asyncio>=0.24 (from -r D:\a\PaperFlow-Stream\PaperFlow-Stream\backend\requirements.txt (line 41))
  Downloading pytest_asyncio-1.4.0-py3-none-any.whl.metadata (4.1 kB)
Collecting httpx>=0.27 (from -r D:\a\PaperFlow-Stream\PaperFlow-Stream\backend\requirements.txt (line 42))
  Downloading httpx-0.28.1-py3-none-any.whl.metadata (7.1 kB)
Collecting pystray<0.20,>=0.19.5 (from -r requirements-desktop.txt (line 4))
  Downloading pystray-0.19.5-py2.py3-none-any.whl.metadata (9.4 kB)
Collecting pyinstaller<7,>=6.11 (from -r requirements-desktop.txt (line 5))
  Downloading pyinstaller-6.21.0-py3-none-win_amd64.whl.metadata (8.5 kB)
Collecting pyclipper>=1.2.0 (from rapidocr-onnxruntime==1.4.4->-r D:\a\PaperFlow-Stream\PaperFlow-Stream\backend\requirements.txt (line 33))
  Downloading pyclipper-1.4.0-cp311-cp311-win_amd64.whl.metadata (8.8 kB)
Collecting six>=1.15.0 (from rapidocr-onnxruntime==1.4.4->-r D:\a\PaperFlow-Stream\PaperFlow-Stream\backend\requirements.txt (line 33))
  Downloading six-1.17.0-py2.py3-none-any.whl.metadata (1.7 kB)
Collecting Shapely!=2.0.4,>=1.7.1 (from rapidocr-onnxruntime==1.4.4->-r D:\a\PaperFlow-Stream\PaperFlow-Stream\backend\requirements.txt (line 33))
  Downloading shapely-2.1.2-cp311-cp311-win_amd64.whl.metadata (7.1 kB)
Collecting PyYAML (from rapidocr-onnxruntime==1.4.4->-r D:\a\PaperFlow-Stream\PaperFlow-Stream\backend\requirements.txt (line 33))
  Downloading pyyaml-6.0.3-cp311-cp311-win_amd64.whl.metadata (2.4 kB)
Collecting tqdm (from rapidocr-onnxruntime==1.4.4->-r D:\a\PaperFlow-Stream\PaperFlow-Stream\backend\requirements.txt (line 33))
  Downloading tqdm-4.69.1-py3-none-any.whl.metadata (57 kB)
Collecting altgraph (from pyinstaller<7,>=6.11->-r requirements-desktop.txt (line 5))
  Downloading altgraph-0.17.5-py2.py3-none-any.whl.metadata (7.5 kB)
Collecting packaging>=22.0 (from pyinstaller<7,>=6.11->-r requirements-desktop.txt (line 5))
  Downloading packaging-26.2-py3-none-any.whl.metadata (3.5 kB)
Collecting pefile>=2022.5.30 (from pyinstaller<7,>=6.11->-r requirements-desktop.txt (line 5))
  Downloading pefile-2024.8.26-py3-none-any.whl.metadata (1.4 kB)
Collecting pyinstaller-hooks-contrib>=2026.6 (from pyinstaller<7,>=6.11->-r requirements-desktop.txt (line 5))
  Downloading pyinstaller_hooks_contrib-2026.6-py3-none-any.whl.metadata (16 kB)
Collecting pywin32-ctypes>=0.2.1 (from pyinstaller<7,>=6.11->-r requirements-desktop.txt (line 5))
  Downloading pywin32_ctypes-0.2.3-py3-none-any.whl.metadata (3.9 kB)
Requirement already satisfied: setuptools>=42.0.0 in C:\hostedtoolcache\windows\Python\3.11.9\x64\Lib\site-packages (from pyinstaller<7,>=6.11->-r requirements-desktop.txt (line 5)) (65.5.0)
Collecting starlette>=0.46.0 (from fastapi>=0.115->-r D:\a\PaperFlow-Stream\PaperFlow-Stream\backend\requirements.txt (line 6))
  Downloading starlette-1.3.1-py3-none-any.whl.metadata (6.4 kB)
Collecting typing-extensions>=4.8.0 (from fastapi>=0.115->-r D:\a\PaperFlow-Stream\PaperFlow-Stream\backend\requirements.txt (line 6))
  Downloading typing_extensions-4.16.0-py3-none-any.whl.metadata (3.3 kB)
Collecting typing-inspection>=0.4.2 (from fastapi>=0.115->-r D:\a\PaperFlow-Stream\PaperFlow-Stream\backend\requirements.txt (line 6))
  Downloading typing_inspection-0.4.2-py3-none-any.whl.metadata (2.6 kB)
Collecting annotated-doc>=0.0.2 (from fastapi>=0.115->-r D:\a\PaperFlow-Stream\PaperFlow-Stream\backend\requirements.txt (line 6))
  Downloading annotated_doc-0.0.4-py3-none-any.whl.metadata (6.6 kB)
Collecting click>=7.0 (from uvicorn>=0.32->uvicorn[standard]>=0.32->-r D:\a\PaperFlow-Stream\PaperFlow-Stream\backend\requirements.txt (line 7))
  Downloading click-8.4.2-py3-none-any.whl.metadata (2.6 kB)
Collecting h11>=0.8 (from uvicorn>=0.32->uvicorn[standard]>=0.32->-r D:\a\PaperFlow-Stream\PaperFlow-Stream\backend\requirements.txt (line 7))
  Downloading h11-0.16.0-py3-none-any.whl.metadata (8.3 kB)
Collecting greenlet>=1 (from SQLAlchemy>=2.0->-r D:\a\PaperFlow-Stream\PaperFlow-Stream\backend\requirements.txt (line 12))
  Downloading greenlet-3.5.4-cp311-cp311-win_amd64.whl.metadata (3.9 kB)
Collecting Mako (from alembic>=1.13->-r D:\a\PaperFlow-Stream\PaperFlow-Stream\backend\requirements.txt (line 13))
  Downloading mako-1.3.12-py3-none-any.whl.metadata (2.9 kB)
Collecting annotated-types>=0.6.0 (from pydantic>=2.9->-r D:\a\PaperFlow-Stream\PaperFlow-Stream\backend\requirements.txt (line 14))
  Downloading annotated_types-0.8.0-py3-none-any.whl.metadata (15 kB)
Collecting pydantic-core==2.46.4 (from pydantic>=2.9->-r D:\a\PaperFlow-Stream\PaperFlow-Stream\backend\requirements.txt (line 14))
  Downloading pydantic_core-2.46.4-cp311-cp311-win_amd64.whl.metadata (6.7 kB)
Collecting python-dotenv>=0.21.0 (from pydantic-settings>=2.5->-r D:\a\PaperFlow-Stream\PaperFlow-Stream\backend\requirements.txt (line 15))
  Downloading python_dotenv-1.2.2-py3-none-any.whl.metadata (27 kB)
Collecting colorama (from qrcode>=7.4->-r D:\a\PaperFlow-Stream\PaperFlow-Stream\backend\requirements.txt (line 28))
  Downloading colorama-0.4.6-py2.py3-none-any.whl.metadata (17 kB)
Collecting charset-normalizer (from reportlab>=4.2->-r D:\a\PaperFlow-Stream\PaperFlow-Stream\backend\requirements.txt (line 29))
  Downloading charset_normalizer-3.4.9-cp311-cp311-win_amd64.whl.metadata (42 kB)
Collecting flatbuffers (from onnxruntime>=1.18->-r D:\a\PaperFlow-Stream\PaperFlow-Stream\backend\requirements.txt (line 34))
  Downloading flatbuffers-25.12.19-py2.py3-none-any.whl.metadata (1.0 kB)
Collecting protobuf>=4.25.8 (from onnxruntime>=1.18->-r D:\a\PaperFlow-Stream\PaperFlow-Stream\backend\requirements.txt (line 34))
  Downloading protobuf-7.35.1-cp310-abi3-win_amd64.whl.metadata (595 bytes)
Collecting et-xmlfile (from openpyxl>=3.1->-r D:\a\PaperFlow-Stream\PaperFlow-Stream\backend\requirements.txt (line 37))
  Downloading et_xmlfile-2.0.0-py3-none-any.whl.metadata (2.7 kB)
Collecting iniconfig>=1.0.1 (from pytest>=8.3->-r D:\a\PaperFlow-Stream\PaperFlow-Stream\backend\requirements.txt (line 40))
  Downloading iniconfig-2.3.0-py3-none-any.whl.metadata (2.5 kB)
Collecting pluggy<2,>=1.5 (from pytest>=8.3->-r D:\a\PaperFlow-Stream\PaperFlow-Stream\backend\requirements.txt (line 40))
  Downloading pluggy-1.6.0-py3-none-any.whl.metadata (4.8 kB)
Collecting pygments>=2.7.2 (from pytest>=8.3->-r D:\a\PaperFlow-Stream\PaperFlow-Stream\backend\requirements.txt (line 40))
  Downloading pygments-2.20.0-py3-none-any.whl.metadata (2.5 kB)
Collecting anyio (from httpx>=0.27->-r D:\a\PaperFlow-Stream\PaperFlow-Stream\backend\requirements.txt (line 42))
  Downloading anyio-4.14.2-py3-none-any.whl.metadata (4.6 kB)
Collecting certifi (from httpx>=0.27->-r D:\a\PaperFlow-Stream\PaperFlow-Stream\backend\requirements.txt (line 42))
  Downloading certifi-2026.7.22-py3-none-any.whl.metadata (2.5 kB)
Collecting httpcore==1.* (from httpx>=0.27->-r D:\a\PaperFlow-Stream\PaperFlow-Stream\backend\requirements.txt (line 42))
  Downloading httpcore-1.0.9-py3-none-any.whl.metadata (21 kB)
Collecting idna (from httpx>=0.27->-r D:\a\PaperFlow-Stream\PaperFlow-Stream\backend\requirements.txt (line 42))
  Downloading idna-3.18-py3-none-any.whl.metadata (6.1 kB)
Collecting httptools>=0.8.0 (from uvicorn[standard]>=0.32->-r D:\a\PaperFlow-Stream\PaperFlow-Stream\backend\requirements.txt (line 7))
  Downloading httptools-0.8.0-cp311-cp311-win_amd64.whl.metadata (3.7 kB)
Collecting watchfiles>=0.20 (from uvicorn[standard]>=0.32->-r D:\a\PaperFlow-Stream\PaperFlow-Stream\backend\requirements.txt (line 7))
  Downloading watchfiles-1.2.0-cp311-cp311-win_amd64.whl.metadata (5.0 kB)
Collecting MarkupSafe>=0.9.2 (from Mako->alembic>=1.13->-r D:\a\PaperFlow-Stream\PaperFlow-Stream\backend\requirements.txt (line 13))
  Downloading markupsafe-3.0.3-cp311-cp311-win_amd64.whl.metadata (2.8 kB)
Downloading opencv_python_headless-4.13.0.92-cp37-abi3-win_amd64.whl (40.1 MB)
   ---------------------------------------- 40.1/40.1 MB 70.8 MB/s  0:00:00
Downloading rapidocr_onnxruntime-1.4.4-py3-none-any.whl (14.9 MB)
   ---------------------------------------- 14.9/14.9 MB 134.4 MB/s  0:00:00
Downloading numpy-2.2.6-cp311-cp311-win_amd64.whl (12.9 MB)
   ---------------------------------------- 12.9/12.9 MB 101.2 MB/s  0:00:00
Downloading pystray-0.19.5-py2.py3-none-any.whl (49 kB)
Downloading pyinstaller-6.21.0-py3-none-win_amd64.whl (1.4 MB)
   ---------------------------------------- 1.4/1.4 MB 71.0 MB/s  0:00:00
Downloading fastapi-0.140.0-py3-none-any.whl (130 kB)
Downloading uvicorn-0.51.0-py3-none-any.whl (73 kB)
Downloading python_multipart-0.0.32-py3-none-any.whl (30 kB)
Downloading websockets-16.1.1-cp311-cp311-win_amd64.whl (180 kB)
Downloading sqlalchemy-2.0.51-cp311-cp311-win_amd64.whl (2.1 MB)
   ---------------------------------------- 2.1/2.1 MB 60.8 MB/s  0:00:00
Downloading alembic-1.18.5-py3-none-any.whl (264 kB)
Downloading pydantic-2.13.4-py3-none-any.whl (472 kB)
Downloading pydantic_core-2.46.4-cp311-cp311-win_amd64.whl (2.1 MB)
   ---------------------------------------- 2.1/2.1 MB 56.5 MB/s  0:00:00
Downloading pydantic_settings-2.14.2-py3-none-any.whl (61 kB)
Downloading pillow-12.3.0-cp311-cp311-win_amd64.whl (7.2 MB)
   ---------------------------------------- 7.2/7.2 MB 112.4 MB/s  0:00:00
Downloading qrcode-8.2-py3-none-any.whl (45 kB)
Downloading reportlab-5.0.0-py3-none-any.whl (2.0 MB)
   ---------------------------------------- 2.0/2.0 MB 53.0 MB/s  0:00:00
Downloading onnxruntime-1.28.0-cp311-cp311-win_amd64.whl (13.8 MB)
   ---------------------------------------- 13.8/13.8 MB 78.4 MB/s  0:00:00
Downloading openpyxl-3.1.5-py2.py3-none-any.whl (250 kB)
Downloading pytest-9.1.1-py3-none-any.whl (386 kB)
Downloading pluggy-1.6.0-py3-none-any.whl (20 kB)
Downloading pytest_asyncio-1.4.0-py3-none-any.whl (16 kB)
Downloading httpx-0.28.1-py3-none-any.whl (73 kB)
Downloading httpcore-1.0.9-py3-none-any.whl (78 kB)
Downloading annotated_doc-0.0.4-py3-none-any.whl (5.3 kB)
Downloading annotated_types-0.8.0-py3-none-any.whl (13 kB)
Downloading click-8.4.2-py3-none-any.whl (119 kB)
Downloading colorama-0.4.6-py2.py3-none-any.whl (25 kB)
Downloading greenlet-3.5.4-cp311-cp311-win_amd64.whl (246 kB)
Downloading h11-0.16.0-py3-none-any.whl (37 kB)
Downloading iniconfig-2.3.0-py3-none-any.whl (7.5 kB)
Downloading packaging-26.2-py3-none-any.whl (100 kB)
Downloading pefile-2024.8.26-py3-none-any.whl (74 kB)
Downloading protobuf-7.35.1-cp310-abi3-win_amd64.whl (439 kB)
Downloading pyclipper-1.4.0-cp311-cp311-win_amd64.whl (104 kB)
Downloading pygments-2.20.0-py3-none-any.whl (1.2 MB)
   ---------------------------------------- 1.2/1.2 MB 64.6 MB/s  0:00:00
Downloading pyinstaller_hooks_contrib-2026.6-py3-none-any.whl (457 kB)
Downloading python_dotenv-1.2.2-py3-none-any.whl (22 kB)
Downloading pywin32_ctypes-0.2.3-py3-none-any.whl (30 kB)
Downloading shapely-2.1.2-cp311-cp311-win_amd64.whl (1.7 MB)
   ---------------------------------------- 1.7/1.7 MB 45.6 MB/s  0:00:00
Downloading six-1.17.0-py2.py3-none-any.whl (11 kB)
Downloading starlette-1.3.1-py3-none-any.whl (73 kB)
Downloading anyio-4.14.2-py3-none-any.whl (125 kB)
Downloading idna-3.18-py3-none-any.whl (65 kB)
Downloading typing_extensions-4.16.0-py3-none-any.whl (45 kB)
Downloading typing_inspection-0.4.2-py3-none-any.whl (14 kB)
Downloading httptools-0.8.0-cp311-cp311-win_amd64.whl (90 kB)
Downloading pyyaml-6.0.3-cp311-cp311-win_amd64.whl (158 kB)
Downloading watchfiles-1.2.0-cp311-cp311-win_amd64.whl (290 kB)
Downloading altgraph-0.17.5-py2.py3-none-any.whl (21 kB)
Downloading certifi-2026.7.22-py3-none-any.whl (136 kB)
Downloading charset_normalizer-3.4.9-cp311-cp311-win_amd64.whl (161 kB)
Downloading et_xmlfile-2.0.0-py3-none-any.whl (18 kB)
Downloading flatbuffers-25.12.19-py2.py3-none-any.whl (26 kB)
Downloading mako-1.3.12-py3-none-any.whl (78 kB)
Downloading markupsafe-3.0.3-cp311-cp311-win_amd64.whl (15 kB)
Downloading tqdm-4.69.1-py3-none-any.whl (675 kB)
   ---------------------------------------- 675.5/675.5 kB 13.3 MB/s  0:00:00
Building wheels for collected packages: opencv-python
  Building wheel for opencv-python (pyproject.toml): started
  Building wheel for opencv-python (pyproject.toml): finished with status 'done'
  Created wheel for opencv-python: filename=opencv_python-4.13.0.92-py3-none-any.whl size=1134 sha256=1b9671ae3d06e001892accfd6344d00fe454944246f9faa8442df6408bb26318
  Stored in directory: C:\Users\runneradmin\AppData\Local\Temp\pip-ephem-wheel-cache-ff3k130o\wheels\ac\24\78\99279dc2dc155e5938ef79c2e9b256b44c5f4c0a1139071580
Successfully built opencv-python
Installing collected packages: flatbuffers, altgraph, websockets, typing-extensions, six, PyYAML, pywin32-ctypes, python-multipart, python-dotenv, pygments, pyclipper, protobuf, pluggy, Pillow, pefile, packaging, numpy, MarkupSafe, iniconfig, idna, httptools, h11, greenlet, et-xmlfile, colorama, charset-normalizer, certifi, annotated-types, annotated-doc, typing-inspection, tqdm, SQLAlchemy, Shapely, reportlab, qrcode, pytest, pystray, pyinstaller-hooks-contrib, pydantic-core, openpyxl, opencv-python-headless, onnxruntime, Mako, httpcore, click, anyio, watchfiles, uvicorn, starlette, pytest-asyncio, pyinstaller, pydantic, opencv-python, httpx, alembic, rapidocr-onnxruntime, pydantic-settings, fastapi

Successfully installed Mako-1.3.12 MarkupSafe-3.0.3 Pillow-12.3.0 PyYAML-6.0.3 SQLAlchemy-2.0.51 Shapely-2.1.2 alembic-1.18.5 altgraph-0.17.5 annotated-doc-0.0.4 annotated-types-0.8.0 anyio-4.14.2 certifi-2026.7.22 charset-normalizer-3.4.9 click-8.4.2 colorama-0.4.6 et-xmlfile-2.0.0 fastapi-0.140.0 flatbuffers-25.12.19 greenlet-3.5.4 h11-0.16.0 httpcore-1.0.9 httptools-0.8.0 httpx-0.28.1 idna-3.18 iniconfig-2.3.0 numpy-2.2.6 onnxruntime-1.28.0 opencv-python-4.13.0.92 opencv-python-headless-4.13.0.92 openpyxl-3.1.5 packaging-26.2 pefile-2024.8.26 pluggy-1.6.0 protobuf-7.35.1 pyclipper-1.4.0 pydantic-2.13.4 pydantic-core-2.46.4 pydantic-settings-2.14.2 pygments-2.20.0 pyinstaller-6.21.0 pyinstaller-hooks-contrib-2026.6 pystray-0.19.5 pytest-9.1.1 pytest-asyncio-1.4.0 python-dotenv-1.2.2 python-multipart-0.0.32 pywin32-ctypes-0.2.3 qrcode-8.2 rapidocr-onnxruntime-1.4.4 reportlab-5.0.0 six-1.17.0 starlette-1.3.1 tqdm-4.69.1 typing-extensions-4.16.0 typing-inspection-0.4.2 uvicorn-0.51.0 watchfiles-1.2.0 websockets-16.1.1
