windows-installer	Smoke-test packaged windowed Hub	﻿2026-07-26T08:10:33.7467685Z ##[group]Run $smokeData = Join-Path $env:RUNNER_TEMP "paperflow-packaged-smoke"
windows-installer	Smoke-test packaged windowed Hub	2026-07-26T08:10:33.7468807Z ^[[36;1m$smokeData = Join-Path $env:RUNNER_TEMP "paperflow-packaged-smoke"^[[0m
windows-installer	Smoke-test packaged windowed Hub	2026-07-26T08:10:33.7469793Z ^[[36;1m$arguments = "--web-url http://127.0.0.1:17841 --data-dir `"$smokeData`""^[[0m
windows-installer	Smoke-test packaged windowed Hub	2026-07-26T08:10:33.7470968Z ^[[36;1m$process = Start-Process -FilePath "dist\PaperFlowHub\PaperFlowHub.exe" -ArgumentList $arguments -PassThru^[[0m
windows-installer	Smoke-test packaged windowed Hub	2026-07-26T08:10:33.7471927Z ^[[36;1m$ready = $false^[[0m
windows-installer	Smoke-test packaged windowed Hub	2026-07-26T08:10:33.7472356Z ^[[36;1mtry {^[[0m
windows-installer	Smoke-test packaged windowed Hub	2026-07-26T08:10:33.7472819Z ^[[36;1m  for ($attempt = 0; $attempt -lt 80; $attempt++) {^[[0m
windows-installer	Smoke-test packaged windowed Hub	2026-07-26T08:10:33.7473870Z ^[[36;1m    Start-Sleep -Milliseconds 250^[[0m
windows-installer	Smoke-test packaged windowed Hub	2026-07-26T08:10:33.7474225Z ^[[36;1m    if ($process.HasExited) { break }^[[0m
windows-installer	Smoke-test packaged windowed Hub	2026-07-26T08:10:33.7474527Z ^[[36;1m    try {^[[0m
windows-installer	Smoke-test packaged windowed Hub	2026-07-26T08:10:33.7474937Z ^[[36;1m      $health = Invoke-RestMethod -Uri "http://127.0.0.1:17841/api/health" -TimeoutSec 1^[[0m
windows-installer	Smoke-test packaged windowed Hub	2026-07-26T08:10:33.7475716Z ^[[36;1m      if ($health.product -eq "PaperFlow Hub") {^[[0m
windows-installer	Smoke-test packaged windowed Hub	2026-07-26T08:10:33.7476536Z ^[[36;1m        $ready = $true^[[0m
windows-installer	Smoke-test packaged windowed Hub	2026-07-26T08:10:33.7476985Z ^[[36;1m        break^[[0m
windows-installer	Smoke-test packaged windowed Hub	2026-07-26T08:10:33.7477391Z ^[[36;1m      }^[[0m
windows-installer	Smoke-test packaged windowed Hub	2026-07-26T08:10:33.7477613Z ^[[36;1m    } catch { }^[[0m
windows-installer	Smoke-test packaged windowed Hub	2026-07-26T08:10:33.7477838Z ^[[36;1m  }^[[0m
windows-installer	Smoke-test packaged windowed Hub	2026-07-26T08:10:33.7478043Z ^[[36;1m  if (-not $ready) {^[[0m
windows-installer	Smoke-test packaged windowed Hub	2026-07-26T08:10:33.7478355Z ^[[36;1m    $log = Join-Path $smokeData "logs\hub.log"^[[0m
windows-installer	Smoke-test packaged windowed Hub	2026-07-26T08:10:33.7478713Z ^[[36;1m    if (Test-Path $log) { Get-Content $log }^[[0m
windows-installer	Smoke-test packaged windowed Hub	2026-07-26T08:10:33.7479202Z ^[[36;1m    if ($process.HasExited) { throw "Packaged Hub exited with code $($process.ExitCode)" }^[[0m
windows-installer	Smoke-test packaged windowed Hub	2026-07-26T08:10:33.7479717Z ^[[36;1m    throw "Packaged Hub did not become healthy"^[[0m
windows-installer	Smoke-test packaged windowed Hub	2026-07-26T08:10:33.7480268Z ^[[36;1m  }^[[0m
windows-installer	Smoke-test packaged windowed Hub	2026-07-26T08:10:33.7480478Z ^[[36;1m} finally {^[[0m
windows-installer	Smoke-test packaged windowed Hub	2026-07-26T08:10:33.7480834Z ^[[36;1m  if (-not $process.HasExited) { Stop-Process -Id $process.Id -Force }^[[0m
windows-installer	Smoke-test packaged windowed Hub	2026-07-26T08:10:33.7481239Z ^[[36;1m}^[[0m
windows-installer	Smoke-test packaged windowed Hub	2026-07-26T08:10:33.7558825Z shell: C:\Program Files\PowerShell\7\pwsh.EXE -command ". '{0}'"
windows-installer	Smoke-test packaged windowed Hub	2026-07-26T08:10:33.7559221Z env:
windows-installer	Smoke-test packaged windowed Hub	2026-07-26T08:10:33.7559532Z   pythonLocation: C:\hostedtoolcache\windows\Python\3.11.9\x64
windows-installer	Smoke-test packaged windowed Hub	2026-07-26T08:10:33.7560020Z   PKG_CONFIG_PATH: C:\hostedtoolcache\windows\Python\3.11.9\x64/lib/pkgconfig
windows-installer	Smoke-test packaged windowed Hub	2026-07-26T08:10:33.7560496Z   Python_ROOT_DIR: C:\hostedtoolcache\windows\Python\3.11.9\x64
windows-installer	Smoke-test packaged windowed Hub	2026-07-26T08:10:33.7561214Z   Python2_ROOT_DIR: C:\hostedtoolcache\windows\Python\3.11.9\x64
windows-installer	Smoke-test packaged windowed Hub	2026-07-26T08:10:33.7561641Z   Python3_ROOT_DIR: C:\hostedtoolcache\windows\Python\3.11.9\x64
windows-installer	Smoke-test packaged windowed Hub	2026-07-26T08:10:33.7561974Z ##[endgroup]
windows-installer	Smoke-test packaged windowed Hub	2026-07-26T08:12:14.8537140Z 2026-07-26 08:10:34 INFO paperflow.desktop Starting PaperFlow Hub on http://127.0.0.1:17841 (background=False)
windows-installer	Smoke-test packaged windowed Hub	2026-07-26T08:12:14.8540402Z 2026-07-26 08:10:55 ERROR paperflow.desktop PaperFlow Hub failed to start
windows-installer	Smoke-test packaged windowed Hub	2026-07-26T08:12:14.8541907Z Traceback (most recent call last):
windows-installer	Smoke-test packaged windowed Hub	2026-07-26T08:12:14.8543777Z   File "desktop.py", line 356, in <module>
windows-installer	Smoke-test packaged windowed Hub	2026-07-26T08:12:14.8545466Z   File "desktop.py", line 332, in main
windows-installer	Smoke-test packaged windowed Hub	2026-07-26T08:12:14.8547086Z   File "desktop.py", line 289, in run_server
windows-installer	Smoke-test packaged windowed Hub	2026-07-26T08:12:14.8549161Z RuntimeError: PaperFlow Hub не запустился
windows-installer	Smoke-test packaged windowed Hub	2026-07-26T08:12:15.0284553Z ^[[31;1mException: ^[[0mD:\a\_temp\11da8e14-8f45-4bfb-a663-ac45a24be650.ps1:22^[[0m
windows-installer	Smoke-test packaged windowed Hub	2026-07-26T08:12:15.0286966Z ^[[31;1m^[[0m^[[36;1mLine |^[[0m
windows-installer	Smoke-test packaged windowed Hub	2026-07-26T08:12:15.0288105Z ^[[31;1m^[[0m^[[36;1m^[[36;1m  22 | ^[[0m     ^[[36;1mthrow "Packaged Hub did not become healthy"^[[0m
windows-installer	Smoke-test packaged windowed Hub	2026-07-26T08:12:15.0289345Z ^[[31;1m^[[0m^[[36;1m^[[36;1m^[[0m^[[36;1m^[[0m^[[36;1m     | ^[[31;1m     ~~~~~~~~~~~~~~~~~~~~~~~~~~~~~~~~~~~~~~~~~~~^[[0m
windows-installer	Smoke-test packaged windowed Hub	2026-07-26T08:12:15.0290680Z ^[[31;1m^[[0m^[[36;1m^[[36;1m^[[0m^[[36;1m^[[0m^[[36;1m^[[31;1m^[[31;1m^[[36;1m     | ^[[31;1mPackaged Hub did not become healthy^[[0m
windows-installer	Smoke-test packaged windowed Hub	2026-07-26T08:12:15.0527042Z ##[error]Process completed with exit code 1.
